// Jest Snapshot v1, https://goo.gl/fbAQLP

exports[`<Main /> should render the heading 1`] = `
<main
  class="styles__Wrapper-sc-1leq9a7-0 bUIAuk"
>
  <img
    alt="Imagem de um átomo e React Avançado escrito ao lado."
    class="styles__Logo-sc-1leq9a7-1 hBmyyP"
    src="/img/logo.svg"
  />
  <h1
    class="styles__Title-sc-1leq9a7-2 hDbkTJ"
  >
    React Avançado
  </h1>
  <h2
    class="styles__Description-sc-1leq9a7-3 kTWuvm"
  >
    TypeScript, ReactJS, NextJS e Styled Components
  </h2>
  <img
    alt="Um desenvolvedor de frente para uma tela com código."
    class="styles__Illustration-sc-1leq9a7-4 iXBPNf"
    src="/img/hero-illustration.svg"
  />
</main>
`;
